                                      1 ;--------------------------------------------------------
                                      2 ; File Created by SDCC : free open source ISO C Compiler
                                      3 ; Version 4.5.0 #15242 (MINGW64)
                                      4 ;--------------------------------------------------------
                                      5 	.module gpio
                                      6 	
                                      7 ;--------------------------------------------------------
                                      8 ; Public variables in this module
                                      9 ;--------------------------------------------------------
                                     10 	.globl _GPIO_Init
                                     11 	.globl _GPIO_WriteHigh
                                     12 	.globl _GPIO_WriteLow
                                     13 	.globl _GPIO_Toggle
                                     14 	.globl _GPIO_Read
                                     15 	.globl _GPIO_Write
                                     16 ;--------------------------------------------------------
                                     17 ; ram data
                                     18 ;--------------------------------------------------------
                                     19 	.area DATA
                                     20 ;--------------------------------------------------------
                                     21 ; ram data
                                     22 ;--------------------------------------------------------
                                     23 	.area INITIALIZED
                                     24 ;--------------------------------------------------------
                                     25 ; absolute external ram data
                                     26 ;--------------------------------------------------------
                                     27 	.area DABS (ABS)
                                     28 
                                     29 ; default segment ordering for linker
                                     30 	.area HOME
                                     31 	.area GSINIT
                                     32 	.area GSFINAL
                                     33 	.area CONST
                                     34 	.area INITIALIZER
                                     35 	.area CODE
                                     36 
                                     37 ;--------------------------------------------------------
                                     38 ; global & static initialisations
                                     39 ;--------------------------------------------------------
                                     40 	.area HOME
                                     41 	.area GSINIT
                                     42 	.area GSFINAL
                                     43 	.area GSINIT
                                     44 ;--------------------------------------------------------
                                     45 ; Home
                                     46 ;--------------------------------------------------------
                                     47 	.area HOME
                                     48 	.area HOME
                                     49 ;--------------------------------------------------------
                                     50 ; code
                                     51 ;--------------------------------------------------------
                                     52 	.area CODE
                                     53 ;	lib/gpio.c: 3: void GPIO_Init(uint8_t port, uint8_t pin, GPIO_Mode mode, GPIO_Speed speed)
                                     54 ;	-----------------------------------------
                                     55 ;	 function GPIO_Init
                                     56 ;	-----------------------------------------
      000000                         57 _GPIO_Init:
      000000 52 0A            [ 2]   58 	sub	sp, #10
                                     59 ;	lib/gpio.c: 7: switch(port) {
      000002 97               [ 1]   60 	ld	xl, a
      000003 26 04            [ 1]   61 	jrne	00294$
      000005 4C               [ 1]   62 	inc	a
      000006 6B 01            [ 1]   63 	ld	(0x01, sp), a
      000008 C5                      64 	.byte 0xc5
      000009                         65 00294$:
      000009 0F 01            [ 1]   66 	clr	(0x01, sp)
      00000B                         67 00295$:
      00000B 9F               [ 1]   68 	ld	a, xl
      00000C 4A               [ 1]   69 	dec	a
      00000D 26 05            [ 1]   70 	jrne	00297$
      00000F A6 01            [ 1]   71 	ld	a, #0x01
      000011 6B 02            [ 1]   72 	ld	(0x02, sp), a
      000013 C5                      73 	.byte 0xc5
      000014                         74 00297$:
      000014 0F 02            [ 1]   75 	clr	(0x02, sp)
      000016                         76 00298$:
      000016 9F               [ 1]   77 	ld	a, xl
      000017 A0 02            [ 1]   78 	sub	a, #0x02
      000019 26 04            [ 1]   79 	jrne	00300$
      00001B 4C               [ 1]   80 	inc	a
      00001C 6B 03            [ 1]   81 	ld	(0x03, sp), a
      00001E C5                      82 	.byte 0xc5
      00001F                         83 00300$:
      00001F 0F 03            [ 1]   84 	clr	(0x03, sp)
      000021                         85 00301$:
      000021 9F               [ 1]   86 	ld	a, xl
      000022 A1 03            [ 1]   87 	cp	a, #0x03
      000024 26 05            [ 1]   88 	jrne	00303$
      000026 A6 01            [ 1]   89 	ld	a, #0x01
      000028 6B 04            [ 1]   90 	ld	(0x04, sp), a
      00002A C5                      91 	.byte 0xc5
      00002B                         92 00303$:
      00002B 0F 04            [ 1]   93 	clr	(0x04, sp)
      00002D                         94 00304$:
      00002D 0D 01            [ 1]   95 	tnz	(0x01, sp)
      00002F 26 0F            [ 1]   96 	jrne	00101$
      000031 0D 02            [ 1]   97 	tnz	(0x02, sp)
      000033 26 1A            [ 1]   98 	jrne	00102$
      000035 0D 03            [ 1]   99 	tnz	(0x03, sp)
      000037 26 25            [ 1]  100 	jrne	00103$
      000039 0D 04            [ 1]  101 	tnz	(0x04, sp)
      00003B 26 30            [ 1]  102 	jrne	00104$
      00003D CCr01rF4         [ 2]  103 	jp	00137$
                                    104 ;	lib/gpio.c: 8: case GPIO_PORT_PA:
      000040                        105 00101$:
                                    106 ;	lib/gpio.c: 9: ddr = &PA_DDR;
      000040 AE 50 02         [ 2]  107 	ldw	x, #0x5002
      000043 1F 05            [ 2]  108 	ldw	(0x05, sp), x
                                    109 ;	lib/gpio.c: 10: cr1 = &PA_CR1;
      000045 AE 50 03         [ 2]  110 	ldw	x, #0x5003
      000048 1F 07            [ 2]  111 	ldw	(0x07, sp), x
                                    112 ;	lib/gpio.c: 11: cr2 = &PA_CR2;
      00004A AE 50 04         [ 2]  113 	ldw	x, #0x5004
                                    114 ;	lib/gpio.c: 12: break;
      00004D 20 2B            [ 2]  115 	jra	00106$
                                    116 ;	lib/gpio.c: 13: case GPIO_PORT_PB:
      00004F                        117 00102$:
                                    118 ;	lib/gpio.c: 14: ddr = &PB_DDR;
      00004F AE 50 07         [ 2]  119 	ldw	x, #0x5007
      000052 1F 05            [ 2]  120 	ldw	(0x05, sp), x
                                    121 ;	lib/gpio.c: 15: cr1 = &PB_CR1;
      000054 AE 50 08         [ 2]  122 	ldw	x, #0x5008
      000057 1F 07            [ 2]  123 	ldw	(0x07, sp), x
                                    124 ;	lib/gpio.c: 16: cr2 = &PB_CR2;
      000059 AE 50 09         [ 2]  125 	ldw	x, #0x5009
                                    126 ;	lib/gpio.c: 17: break;
      00005C 20 1C            [ 2]  127 	jra	00106$
                                    128 ;	lib/gpio.c: 18: case GPIO_PORT_PC:
      00005E                        129 00103$:
                                    130 ;	lib/gpio.c: 19: ddr = &PC_DDR;
      00005E AE 50 0C         [ 2]  131 	ldw	x, #0x500c
      000061 1F 05            [ 2]  132 	ldw	(0x05, sp), x
                                    133 ;	lib/gpio.c: 20: cr1 = &PC_CR1;
      000063 AE 50 0D         [ 2]  134 	ldw	x, #0x500d
      000066 1F 07            [ 2]  135 	ldw	(0x07, sp), x
                                    136 ;	lib/gpio.c: 21: cr2 = &PC_CR2;
      000068 AE 50 0E         [ 2]  137 	ldw	x, #0x500e
                                    138 ;	lib/gpio.c: 22: break;
      00006B 20 0D            [ 2]  139 	jra	00106$
                                    140 ;	lib/gpio.c: 23: case GPIO_PORT_PD:
      00006D                        141 00104$:
                                    142 ;	lib/gpio.c: 24: ddr = &PD_DDR;
      00006D AE 50 11         [ 2]  143 	ldw	x, #0x5011
      000070 1F 05            [ 2]  144 	ldw	(0x05, sp), x
                                    145 ;	lib/gpio.c: 25: cr1 = &PD_CR1;
      000072 AE 50 12         [ 2]  146 	ldw	x, #0x5012
      000075 1F 07            [ 2]  147 	ldw	(0x07, sp), x
                                    148 ;	lib/gpio.c: 26: cr2 = &PD_CR2;
      000077 AE 50 13         [ 2]  149 	ldw	x, #0x5013
                                    150 ;	lib/gpio.c: 27: break;
                                    151 ;	lib/gpio.c: 28: default:
                                    152 ;	lib/gpio.c: 29: return;
                                    153 ;	lib/gpio.c: 30: }
      00007A                        154 00106$:
                                    155 ;	lib/gpio.c: 33: *cr2 |= pin;
      00007A F6               [ 1]  156 	ld	a, (x)
                                    157 ;	lib/gpio.c: 35: *cr2 &= ~pin;
      00007B 88               [ 1]  158 	push	a
      00007C 7B 0E            [ 1]  159 	ld	a, (0x0e, sp)
      00007E 43               [ 1]  160 	cpl	a
      00007F 6B 0A            [ 1]  161 	ld	(0x0a, sp), a
      000081 84               [ 1]  162 	pop	a
                                    163 ;	lib/gpio.c: 32: if(speed == GPIO_SPEED_FAST) {
      000082 0D 0F            [ 1]  164 	tnz	(0x0f, sp)
      000084 27 05            [ 1]  165 	jreq	00108$
                                    166 ;	lib/gpio.c: 33: *cr2 |= pin;
      000086 1A 0D            [ 1]  167 	or	a, (0x0d, sp)
      000088 F7               [ 1]  168 	ld	(x), a
      000089 20 03            [ 2]  169 	jra	00109$
      00008B                        170 00108$:
                                    171 ;	lib/gpio.c: 35: *cr2 &= ~pin;
      00008B 14 09            [ 1]  172 	and	a, (0x09, sp)
      00008D F7               [ 1]  173 	ld	(x), a
      00008E                        174 00109$:
                                    175 ;	lib/gpio.c: 38: switch(mode) {
      00008E 7B 0E            [ 1]  176 	ld	a, (0x0e, sp)
      000090 A1 05            [ 1]  177 	cp	a, #0x05
      000092 23 03            [ 2]  178 	jrule	00310$
      000094 CCr01rF4         [ 2]  179 	jp	00137$
      000097                        180 00310$:
                                    181 ;	lib/gpio.c: 40: *ddr &= ~pin;
      000097 1E 05            [ 2]  182 	ldw	x, (0x05, sp)
      000099 F6               [ 1]  183 	ld	a, (x)
      00009A 88               [ 1]  184 	push	a
      00009B 14 0A            [ 1]  185 	and	a, (0x0a, sp)
      00009D 6B 0B            [ 1]  186 	ld	(0x0b, sp), a
      00009F 84               [ 1]  187 	pop	a
                                    188 ;	lib/gpio.c: 48: *ddr |= pin;
      0000A0 1A 0D            [ 1]  189 	or	a, (0x0d, sp)
                                    190 ;	lib/gpio.c: 38: switch(mode) {
      0000A2 5F               [ 1]  191 	clrw	x
      0000A3 41               [ 1]  192 	exg	a, xl
      0000A4 7B 0E            [ 1]  193 	ld	a, (0x0e, sp)
      0000A6 41               [ 1]  194 	exg	a, xl
      0000A7 58               [ 2]  195 	sllw	x
      0000A8 DEu00uAC         [ 2]  196 	ldw	x, (#00311$, x)
      0000AB FC               [ 2]  197 	jp	(x)
      0000AC                        198 00311$:
      0000ACr00rB8                  199 	.dw	#00110$
      0000AEr00rC8                  200 	.dw	#00111$
      0000B0r00rD8                  201 	.dw	#00112$
      0000B2r01r22                  202 	.dw	#00118$
      0000B4r01r6C                  203 	.dw	#00124$
      0000B6r01rB1                  204 	.dw	#00130$
                                    205 ;	lib/gpio.c: 39: case GPIO_MODE_INPUT_FLOATING:
      0000B8                        206 00110$:
                                    207 ;	lib/gpio.c: 40: *ddr &= ~pin;
      0000B8 1E 05            [ 2]  208 	ldw	x, (0x05, sp)
      0000BA 7B 0A            [ 1]  209 	ld	a, (0x0a, sp)
      0000BC F7               [ 1]  210 	ld	(x), a
                                    211 ;	lib/gpio.c: 41: *cr1 &= ~pin;
      0000BD 1E 07            [ 2]  212 	ldw	x, (0x07, sp)
      0000BF F6               [ 1]  213 	ld	a, (x)
      0000C0 14 09            [ 1]  214 	and	a, (0x09, sp)
      0000C2 1E 07            [ 2]  215 	ldw	x, (0x07, sp)
      0000C4 F7               [ 1]  216 	ld	(x), a
                                    217 ;	lib/gpio.c: 42: break;
      0000C5 CCr01rF4         [ 2]  218 	jp	00137$
                                    219 ;	lib/gpio.c: 43: case GPIO_MODE_INPUT_PULL_UP:
      0000C8                        220 00111$:
                                    221 ;	lib/gpio.c: 44: *ddr &= ~pin;
      0000C8 1E 05            [ 2]  222 	ldw	x, (0x05, sp)
      0000CA 7B 0A            [ 1]  223 	ld	a, (0x0a, sp)
      0000CC F7               [ 1]  224 	ld	(x), a
                                    225 ;	lib/gpio.c: 45: *cr1 |= pin;
      0000CD 1E 07            [ 2]  226 	ldw	x, (0x07, sp)
      0000CF F6               [ 1]  227 	ld	a, (x)
      0000D0 1A 0D            [ 1]  228 	or	a, (0x0d, sp)
      0000D2 1E 07            [ 2]  229 	ldw	x, (0x07, sp)
      0000D4 F7               [ 1]  230 	ld	(x), a
                                    231 ;	lib/gpio.c: 46: break;
      0000D5 CCr01rF4         [ 2]  232 	jp	00137$
                                    233 ;	lib/gpio.c: 47: case GPIO_MODE_OUTPUT_PUSH_PULL_LOW:
      0000D8                        234 00112$:
                                    235 ;	lib/gpio.c: 48: *ddr |= pin;
      0000D8 1E 05            [ 2]  236 	ldw	x, (0x05, sp)
      0000DA F7               [ 1]  237 	ld	(x), a
                                    238 ;	lib/gpio.c: 49: *cr1 |= pin;
      0000DB 1E 07            [ 2]  239 	ldw	x, (0x07, sp)
      0000DD F6               [ 1]  240 	ld	a, (x)
      0000DE 1A 0D            [ 1]  241 	or	a, (0x0d, sp)
      0000E0 1E 07            [ 2]  242 	ldw	x, (0x07, sp)
      0000E2 F7               [ 1]  243 	ld	(x), a
                                    244 ;	lib/gpio.c: 50: switch(port) {
      0000E3 0D 01            [ 1]  245 	tnz	(0x01, sp)
      0000E5 26 0F            [ 1]  246 	jrne	00113$
      0000E7 0D 02            [ 1]  247 	tnz	(0x02, sp)
      0000E9 26 16            [ 1]  248 	jrne	00114$
      0000EB 0D 03            [ 1]  249 	tnz	(0x03, sp)
      0000ED 26 1D            [ 1]  250 	jrne	00115$
      0000EF 0D 04            [ 1]  251 	tnz	(0x04, sp)
      0000F1 26 24            [ 1]  252 	jrne	00116$
      0000F3 CCr01rF4         [ 2]  253 	jp	00137$
                                    254 ;	lib/gpio.c: 51: case GPIO_PORT_PA: PA_ODR &= ~pin; break;
      0000F6                        255 00113$:
      0000F6 C6 50 00         [ 1]  256 	ld	a, 0x5000
      0000F9 14 09            [ 1]  257 	and	a, (0x09, sp)
      0000FB C7 50 00         [ 1]  258 	ld	0x5000, a
      0000FE CCr01rF4         [ 2]  259 	jp	00137$
                                    260 ;	lib/gpio.c: 52: case GPIO_PORT_PB: PB_ODR &= ~pin; break;
      000101                        261 00114$:
      000101 C6 50 05         [ 1]  262 	ld	a, 0x5005
      000104 14 09            [ 1]  263 	and	a, (0x09, sp)
      000106 C7 50 05         [ 1]  264 	ld	0x5005, a
      000109 CCr01rF4         [ 2]  265 	jp	00137$
                                    266 ;	lib/gpio.c: 53: case GPIO_PORT_PC: PC_ODR &= ~pin; break;
      00010C                        267 00115$:
      00010C C6 50 0A         [ 1]  268 	ld	a, 0x500a
      00010F 14 09            [ 1]  269 	and	a, (0x09, sp)
      000111 C7 50 0A         [ 1]  270 	ld	0x500a, a
      000114 CCr01rF4         [ 2]  271 	jp	00137$
                                    272 ;	lib/gpio.c: 54: case GPIO_PORT_PD: PD_ODR &= ~pin; break;
      000117                        273 00116$:
      000117 C6 50 0F         [ 1]  274 	ld	a, 0x500f
      00011A 14 09            [ 1]  275 	and	a, (0x09, sp)
      00011C C7 50 0F         [ 1]  276 	ld	0x500f, a
                                    277 ;	lib/gpio.c: 56: break;
      00011F CCr01rF4         [ 2]  278 	jp	00137$
                                    279 ;	lib/gpio.c: 57: case GPIO_MODE_OUTPUT_PUSH_PULL_HIGH:
      000122                        280 00118$:
                                    281 ;	lib/gpio.c: 58: *ddr |= pin;
      000122 1E 05            [ 2]  282 	ldw	x, (0x05, sp)
      000124 F7               [ 1]  283 	ld	(x), a
                                    284 ;	lib/gpio.c: 59: *cr1 |= pin;
      000125 1E 07            [ 2]  285 	ldw	x, (0x07, sp)
      000127 F6               [ 1]  286 	ld	a, (x)
      000128 1A 0D            [ 1]  287 	or	a, (0x0d, sp)
      00012A 1E 07            [ 2]  288 	ldw	x, (0x07, sp)
      00012C F7               [ 1]  289 	ld	(x), a
                                    290 ;	lib/gpio.c: 60: switch(port) {
      00012D 0D 01            [ 1]  291 	tnz	(0x01, sp)
      00012F 26 0F            [ 1]  292 	jrne	00119$
      000131 0D 02            [ 1]  293 	tnz	(0x02, sp)
      000133 26 16            [ 1]  294 	jrne	00120$
      000135 0D 03            [ 1]  295 	tnz	(0x03, sp)
      000137 26 1D            [ 1]  296 	jrne	00121$
      000139 0D 04            [ 1]  297 	tnz	(0x04, sp)
      00013B 26 24            [ 1]  298 	jrne	00122$
      00013D CCr01rF4         [ 2]  299 	jp	00137$
                                    300 ;	lib/gpio.c: 61: case GPIO_PORT_PA: PA_ODR |= pin; break;
      000140                        301 00119$:
      000140 C6 50 00         [ 1]  302 	ld	a, 0x5000
      000143 1A 0D            [ 1]  303 	or	a, (0x0d, sp)
      000145 C7 50 00         [ 1]  304 	ld	0x5000, a
      000148 CCr01rF4         [ 2]  305 	jp	00137$
                                    306 ;	lib/gpio.c: 62: case GPIO_PORT_PB: PB_ODR |= pin; break;
      00014B                        307 00120$:
      00014B C6 50 05         [ 1]  308 	ld	a, 0x5005
      00014E 1A 0D            [ 1]  309 	or	a, (0x0d, sp)
      000150 C7 50 05         [ 1]  310 	ld	0x5005, a
      000153 CCr01rF4         [ 2]  311 	jp	00137$
                                    312 ;	lib/gpio.c: 63: case GPIO_PORT_PC: PC_ODR |= pin; break;
      000156                        313 00121$:
      000156 C6 50 0A         [ 1]  314 	ld	a, 0x500a
      000159 1A 0D            [ 1]  315 	or	a, (0x0d, sp)
      00015B C7 50 0A         [ 1]  316 	ld	0x500a, a
      00015E CCr01rF4         [ 2]  317 	jp	00137$
                                    318 ;	lib/gpio.c: 64: case GPIO_PORT_PD: PD_ODR |= pin; break;
      000161                        319 00122$:
      000161 C6 50 0F         [ 1]  320 	ld	a, 0x500f
      000164 1A 0D            [ 1]  321 	or	a, (0x0d, sp)
      000166 C7 50 0F         [ 1]  322 	ld	0x500f, a
                                    323 ;	lib/gpio.c: 66: break;
      000169 CCr01rF4         [ 2]  324 	jp	00137$
                                    325 ;	lib/gpio.c: 67: case GPIO_MODE_OUTPUT_OPEN_DRAIN_LOW:
      00016C                        326 00124$:
                                    327 ;	lib/gpio.c: 68: *ddr |= pin;
      00016C 1E 05            [ 2]  328 	ldw	x, (0x05, sp)
      00016E F7               [ 1]  329 	ld	(x), a
                                    330 ;	lib/gpio.c: 69: *cr1 &= ~pin;
      00016F 1E 07            [ 2]  331 	ldw	x, (0x07, sp)
      000171 F6               [ 1]  332 	ld	a, (x)
      000172 14 09            [ 1]  333 	and	a, (0x09, sp)
      000174 1E 07            [ 2]  334 	ldw	x, (0x07, sp)
      000176 F7               [ 1]  335 	ld	(x), a
                                    336 ;	lib/gpio.c: 70: switch(port) {
      000177 0D 01            [ 1]  337 	tnz	(0x01, sp)
      000179 26 0E            [ 1]  338 	jrne	00125$
      00017B 0D 02            [ 1]  339 	tnz	(0x02, sp)
      00017D 26 14            [ 1]  340 	jrne	00126$
      00017F 0D 03            [ 1]  341 	tnz	(0x03, sp)
      000181 26 1A            [ 1]  342 	jrne	00127$
      000183 0D 04            [ 1]  343 	tnz	(0x04, sp)
      000185 26 20            [ 1]  344 	jrne	00128$
      000187 20 6B            [ 2]  345 	jra	00137$
                                    346 ;	lib/gpio.c: 71: case GPIO_PORT_PA: PA_ODR &= ~pin; break;
      000189                        347 00125$:
      000189 C6 50 00         [ 1]  348 	ld	a, 0x5000
      00018C 14 09            [ 1]  349 	and	a, (0x09, sp)
      00018E C7 50 00         [ 1]  350 	ld	0x5000, a
      000191 20 61            [ 2]  351 	jra	00137$
                                    352 ;	lib/gpio.c: 72: case GPIO_PORT_PB: PB_ODR &= ~pin; break;
      000193                        353 00126$:
      000193 C6 50 05         [ 1]  354 	ld	a, 0x5005
      000196 14 09            [ 1]  355 	and	a, (0x09, sp)
      000198 C7 50 05         [ 1]  356 	ld	0x5005, a
      00019B 20 57            [ 2]  357 	jra	00137$
                                    358 ;	lib/gpio.c: 73: case GPIO_PORT_PC: PC_ODR &= ~pin; break;
      00019D                        359 00127$:
      00019D C6 50 0A         [ 1]  360 	ld	a, 0x500a
      0001A0 14 09            [ 1]  361 	and	a, (0x09, sp)
      0001A2 C7 50 0A         [ 1]  362 	ld	0x500a, a
      0001A5 20 4D            [ 2]  363 	jra	00137$
                                    364 ;	lib/gpio.c: 74: case GPIO_PORT_PD: PD_ODR &= ~pin; break;
      0001A7                        365 00128$:
      0001A7 C6 50 0F         [ 1]  366 	ld	a, 0x500f
      0001AA 14 09            [ 1]  367 	and	a, (0x09, sp)
      0001AC C7 50 0F         [ 1]  368 	ld	0x500f, a
                                    369 ;	lib/gpio.c: 76: break;
      0001AF 20 43            [ 2]  370 	jra	00137$
                                    371 ;	lib/gpio.c: 77: case GPIO_MODE_OUTPUT_OPEN_DRAIN_HIGH:
      0001B1                        372 00130$:
                                    373 ;	lib/gpio.c: 78: *ddr |= pin;
      0001B1 1E 05            [ 2]  374 	ldw	x, (0x05, sp)
      0001B3 F7               [ 1]  375 	ld	(x), a
                                    376 ;	lib/gpio.c: 79: *cr1 &= ~pin;
      0001B4 1E 07            [ 2]  377 	ldw	x, (0x07, sp)
      0001B6 F6               [ 1]  378 	ld	a, (x)
      0001B7 14 09            [ 1]  379 	and	a, (0x09, sp)
      0001B9 1E 07            [ 2]  380 	ldw	x, (0x07, sp)
      0001BB F7               [ 1]  381 	ld	(x), a
                                    382 ;	lib/gpio.c: 80: switch(port) {
      0001BC 0D 01            [ 1]  383 	tnz	(0x01, sp)
      0001BE 26 0E            [ 1]  384 	jrne	00131$
      0001C0 0D 02            [ 1]  385 	tnz	(0x02, sp)
      0001C2 26 14            [ 1]  386 	jrne	00132$
      0001C4 0D 03            [ 1]  387 	tnz	(0x03, sp)
      0001C6 26 1A            [ 1]  388 	jrne	00133$
      0001C8 0D 04            [ 1]  389 	tnz	(0x04, sp)
      0001CA 26 20            [ 1]  390 	jrne	00134$
      0001CC 20 26            [ 2]  391 	jra	00137$
                                    392 ;	lib/gpio.c: 81: case GPIO_PORT_PA: PA_ODR |= pin; break;
      0001CE                        393 00131$:
      0001CE C6 50 00         [ 1]  394 	ld	a, 0x5000
      0001D1 1A 0D            [ 1]  395 	or	a, (0x0d, sp)
      0001D3 C7 50 00         [ 1]  396 	ld	0x5000, a
      0001D6 20 1C            [ 2]  397 	jra	00137$
                                    398 ;	lib/gpio.c: 82: case GPIO_PORT_PB: PB_ODR |= pin; break;
      0001D8                        399 00132$:
      0001D8 C6 50 05         [ 1]  400 	ld	a, 0x5005
      0001DB 1A 0D            [ 1]  401 	or	a, (0x0d, sp)
      0001DD C7 50 05         [ 1]  402 	ld	0x5005, a
      0001E0 20 12            [ 2]  403 	jra	00137$
                                    404 ;	lib/gpio.c: 83: case GPIO_PORT_PC: PC_ODR |= pin; break;
      0001E2                        405 00133$:
      0001E2 C6 50 0A         [ 1]  406 	ld	a, 0x500a
      0001E5 1A 0D            [ 1]  407 	or	a, (0x0d, sp)
      0001E7 C7 50 0A         [ 1]  408 	ld	0x500a, a
      0001EA 20 08            [ 2]  409 	jra	00137$
                                    410 ;	lib/gpio.c: 84: case GPIO_PORT_PD: PD_ODR |= pin; break;
      0001EC                        411 00134$:
      0001EC C6 50 0F         [ 1]  412 	ld	a, 0x500f
      0001EF 1A 0D            [ 1]  413 	or	a, (0x0d, sp)
      0001F1 C7 50 0F         [ 1]  414 	ld	0x500f, a
                                    415 ;	lib/gpio.c: 87: }
      0001F4                        416 00137$:
                                    417 ;	lib/gpio.c: 88: }
      0001F4 1E 0B            [ 2]  418 	ldw	x, (11, sp)
      0001F6 5B 0F            [ 2]  419 	addw	sp, #15
      0001F8 FC               [ 2]  420 	jp	(x)
                                    421 ;	lib/gpio.c: 90: void GPIO_WriteHigh(uint8_t port, uint8_t pin)
                                    422 ;	-----------------------------------------
                                    423 ;	 function GPIO_WriteHigh
                                    424 ;	-----------------------------------------
      0001F9                        425 _GPIO_WriteHigh:
                                    426 ;	lib/gpio.c: 92: switch(port) {
      0001F9 A1 00            [ 1]  427 	cp	a, #0x00
      0001FB 27 0E            [ 1]  428 	jreq	00101$
      0001FD A1 01            [ 1]  429 	cp	a, #0x01
      0001FF 27 14            [ 1]  430 	jreq	00102$
      000201 A1 02            [ 1]  431 	cp	a, #0x02
      000203 27 1A            [ 1]  432 	jreq	00103$
      000205 A1 03            [ 1]  433 	cp	a, #0x03
      000207 27 20            [ 1]  434 	jreq	00104$
      000209 20 26            [ 2]  435 	jra	00106$
                                    436 ;	lib/gpio.c: 93: case GPIO_PORT_PA: PA_ODR |= pin; break;
      00020B                        437 00101$:
      00020B C6 50 00         [ 1]  438 	ld	a, 0x5000
      00020E 1A 03            [ 1]  439 	or	a, (0x03, sp)
      000210 C7 50 00         [ 1]  440 	ld	0x5000, a
      000213 20 1C            [ 2]  441 	jra	00106$
                                    442 ;	lib/gpio.c: 94: case GPIO_PORT_PB: PB_ODR |= pin; break;
      000215                        443 00102$:
      000215 C6 50 05         [ 1]  444 	ld	a, 0x5005
      000218 1A 03            [ 1]  445 	or	a, (0x03, sp)
      00021A C7 50 05         [ 1]  446 	ld	0x5005, a
      00021D 20 12            [ 2]  447 	jra	00106$
                                    448 ;	lib/gpio.c: 95: case GPIO_PORT_PC: PC_ODR |= pin; break;
      00021F                        449 00103$:
      00021F C6 50 0A         [ 1]  450 	ld	a, 0x500a
      000222 1A 03            [ 1]  451 	or	a, (0x03, sp)
      000224 C7 50 0A         [ 1]  452 	ld	0x500a, a
      000227 20 08            [ 2]  453 	jra	00106$
                                    454 ;	lib/gpio.c: 96: case GPIO_PORT_PD: PD_ODR |= pin; break;
      000229                        455 00104$:
      000229 C6 50 0F         [ 1]  456 	ld	a, 0x500f
      00022C 1A 03            [ 1]  457 	or	a, (0x03, sp)
      00022E C7 50 0F         [ 1]  458 	ld	0x500f, a
                                    459 ;	lib/gpio.c: 97: }
      000231                        460 00106$:
                                    461 ;	lib/gpio.c: 98: }
      000231 85               [ 2]  462 	popw	x
      000232 84               [ 1]  463 	pop	a
      000233 FC               [ 2]  464 	jp	(x)
                                    465 ;	lib/gpio.c: 100: void GPIO_WriteLow(uint8_t port, uint8_t pin)
                                    466 ;	-----------------------------------------
                                    467 ;	 function GPIO_WriteLow
                                    468 ;	-----------------------------------------
      000234                        469 _GPIO_WriteLow:
      000234 88               [ 1]  470 	push	a
                                    471 ;	lib/gpio.c: 103: case GPIO_PORT_PA: PA_ODR &= ~pin; break;
      000235 88               [ 1]  472 	push	a
      000236 7B 05            [ 1]  473 	ld	a, (0x05, sp)
      000238 43               [ 1]  474 	cpl	a
      000239 6B 02            [ 1]  475 	ld	(0x02, sp), a
      00023B 84               [ 1]  476 	pop	a
                                    477 ;	lib/gpio.c: 102: switch(port) {
      00023C A1 00            [ 1]  478 	cp	a, #0x00
      00023E 27 0E            [ 1]  479 	jreq	00101$
      000240 A1 01            [ 1]  480 	cp	a, #0x01
      000242 27 14            [ 1]  481 	jreq	00102$
      000244 A1 02            [ 1]  482 	cp	a, #0x02
      000246 27 1A            [ 1]  483 	jreq	00103$
      000248 A1 03            [ 1]  484 	cp	a, #0x03
      00024A 27 20            [ 1]  485 	jreq	00104$
      00024C 20 26            [ 2]  486 	jra	00106$
                                    487 ;	lib/gpio.c: 103: case GPIO_PORT_PA: PA_ODR &= ~pin; break;
      00024E                        488 00101$:
      00024E C6 50 00         [ 1]  489 	ld	a, 0x5000
      000251 14 01            [ 1]  490 	and	a, (0x01, sp)
      000253 C7 50 00         [ 1]  491 	ld	0x5000, a
      000256 20 1C            [ 2]  492 	jra	00106$
                                    493 ;	lib/gpio.c: 104: case GPIO_PORT_PB: PB_ODR &= ~pin; break;
      000258                        494 00102$:
      000258 C6 50 05         [ 1]  495 	ld	a, 0x5005
      00025B 14 01            [ 1]  496 	and	a, (0x01, sp)
      00025D C7 50 05         [ 1]  497 	ld	0x5005, a
      000260 20 12            [ 2]  498 	jra	00106$
                                    499 ;	lib/gpio.c: 105: case GPIO_PORT_PC: PC_ODR &= ~pin; break;
      000262                        500 00103$:
      000262 C6 50 0A         [ 1]  501 	ld	a, 0x500a
      000265 14 01            [ 1]  502 	and	a, (0x01, sp)
      000267 C7 50 0A         [ 1]  503 	ld	0x500a, a
      00026A 20 08            [ 2]  504 	jra	00106$
                                    505 ;	lib/gpio.c: 106: case GPIO_PORT_PD: PD_ODR &= ~pin; break;
      00026C                        506 00104$:
      00026C C6 50 0F         [ 1]  507 	ld	a, 0x500f
      00026F 14 01            [ 1]  508 	and	a, (0x01, sp)
      000271 C7 50 0F         [ 1]  509 	ld	0x500f, a
                                    510 ;	lib/gpio.c: 107: }
      000274                        511 00106$:
                                    512 ;	lib/gpio.c: 108: }
      000274 84               [ 1]  513 	pop	a
      000275 85               [ 2]  514 	popw	x
      000276 84               [ 1]  515 	pop	a
      000277 FC               [ 2]  516 	jp	(x)
                                    517 ;	lib/gpio.c: 110: void GPIO_Toggle(uint8_t port, uint8_t pin)
                                    518 ;	-----------------------------------------
                                    519 ;	 function GPIO_Toggle
                                    520 ;	-----------------------------------------
      000278                        521 _GPIO_Toggle:
                                    522 ;	lib/gpio.c: 112: switch(port) {
      000278 A1 00            [ 1]  523 	cp	a, #0x00
      00027A 27 0E            [ 1]  524 	jreq	00101$
      00027C A1 01            [ 1]  525 	cp	a, #0x01
      00027E 27 14            [ 1]  526 	jreq	00102$
      000280 A1 02            [ 1]  527 	cp	a, #0x02
      000282 27 1A            [ 1]  528 	jreq	00103$
      000284 A1 03            [ 1]  529 	cp	a, #0x03
      000286 27 20            [ 1]  530 	jreq	00104$
      000288 20 26            [ 2]  531 	jra	00106$
                                    532 ;	lib/gpio.c: 113: case GPIO_PORT_PA: PA_ODR ^= pin; break;
      00028A                        533 00101$:
      00028A C6 50 00         [ 1]  534 	ld	a, 0x5000
      00028D 18 03            [ 1]  535 	xor	a, (0x03, sp)
      00028F C7 50 00         [ 1]  536 	ld	0x5000, a
      000292 20 1C            [ 2]  537 	jra	00106$
                                    538 ;	lib/gpio.c: 114: case GPIO_PORT_PB: PB_ODR ^= pin; break;
      000294                        539 00102$:
      000294 C6 50 05         [ 1]  540 	ld	a, 0x5005
      000297 18 03            [ 1]  541 	xor	a, (0x03, sp)
      000299 C7 50 05         [ 1]  542 	ld	0x5005, a
      00029C 20 12            [ 2]  543 	jra	00106$
                                    544 ;	lib/gpio.c: 115: case GPIO_PORT_PC: PC_ODR ^= pin; break;
      00029E                        545 00103$:
      00029E C6 50 0A         [ 1]  546 	ld	a, 0x500a
      0002A1 18 03            [ 1]  547 	xor	a, (0x03, sp)
      0002A3 C7 50 0A         [ 1]  548 	ld	0x500a, a
      0002A6 20 08            [ 2]  549 	jra	00106$
                                    550 ;	lib/gpio.c: 116: case GPIO_PORT_PD: PD_ODR ^= pin; break;
      0002A8                        551 00104$:
      0002A8 C6 50 0F         [ 1]  552 	ld	a, 0x500f
      0002AB 18 03            [ 1]  553 	xor	a, (0x03, sp)
      0002AD C7 50 0F         [ 1]  554 	ld	0x500f, a
                                    555 ;	lib/gpio.c: 117: }
      0002B0                        556 00106$:
                                    557 ;	lib/gpio.c: 118: }
      0002B0 85               [ 2]  558 	popw	x
      0002B1 84               [ 1]  559 	pop	a
      0002B2 FC               [ 2]  560 	jp	(x)
                                    561 ;	lib/gpio.c: 120: uint8_t GPIO_Read(uint8_t port, uint8_t pin)
                                    562 ;	-----------------------------------------
                                    563 ;	 function GPIO_Read
                                    564 ;	-----------------------------------------
      0002B3                        565 _GPIO_Read:
                                    566 ;	lib/gpio.c: 122: switch(port) {
      0002B3 A1 00            [ 1]  567 	cp	a, #0x00
      0002B5 27 0E            [ 1]  568 	jreq	00101$
      0002B7 A1 01            [ 1]  569 	cp	a, #0x01
      0002B9 27 16            [ 1]  570 	jreq	00102$
      0002BB A1 02            [ 1]  571 	cp	a, #0x02
      0002BD 27 1E            [ 1]  572 	jreq	00103$
      0002BF A1 03            [ 1]  573 	cp	a, #0x03
      0002C1 27 26            [ 1]  574 	jreq	00104$
      0002C3 20 2F            [ 2]  575 	jra	00105$
                                    576 ;	lib/gpio.c: 123: case GPIO_PORT_PA: return ((PA_IDR & pin) != 0);
      0002C5                        577 00101$:
      0002C5 C6 50 01         [ 1]  578 	ld	a, 0x5001
      0002C8 14 03            [ 1]  579 	and	a, (0x03, sp)
      0002CA A0 01            [ 1]  580 	sub	a, #0x01
      0002CC 4F               [ 1]  581 	clr	a
      0002CD 8C               [ 1]  582 	ccf
      0002CE 49               [ 1]  583 	rlc	a
      0002CF 20 24            [ 2]  584 	jra	00107$
                                    585 ;	lib/gpio.c: 124: case GPIO_PORT_PB: return ((PB_IDR & pin) != 0);
      0002D1                        586 00102$:
      0002D1 C6 50 06         [ 1]  587 	ld	a, 0x5006
      0002D4 14 03            [ 1]  588 	and	a, (0x03, sp)
      0002D6 A0 01            [ 1]  589 	sub	a, #0x01
      0002D8 4F               [ 1]  590 	clr	a
      0002D9 8C               [ 1]  591 	ccf
      0002DA 49               [ 1]  592 	rlc	a
      0002DB 20 18            [ 2]  593 	jra	00107$
                                    594 ;	lib/gpio.c: 125: case GPIO_PORT_PC: return ((PC_IDR & pin) != 0);
      0002DD                        595 00103$:
      0002DD C6 50 0B         [ 1]  596 	ld	a, 0x500b
      0002E0 14 03            [ 1]  597 	and	a, (0x03, sp)
      0002E2 A0 01            [ 1]  598 	sub	a, #0x01
      0002E4 4F               [ 1]  599 	clr	a
      0002E5 8C               [ 1]  600 	ccf
      0002E6 49               [ 1]  601 	rlc	a
      0002E7 20 0C            [ 2]  602 	jra	00107$
                                    603 ;	lib/gpio.c: 126: case GPIO_PORT_PD: return ((PD_IDR & pin) != 0);
      0002E9                        604 00104$:
      0002E9 C6 50 10         [ 1]  605 	ld	a, 0x5010
      0002EC 14 03            [ 1]  606 	and	a, (0x03, sp)
      0002EE A0 01            [ 1]  607 	sub	a, #0x01
      0002F0 4F               [ 1]  608 	clr	a
      0002F1 8C               [ 1]  609 	ccf
      0002F2 49               [ 1]  610 	rlc	a
                                    611 ;	lib/gpio.c: 127: default: return 0;
                                    612 ;	lib/gpio.c: 128: }
      0002F3 21                     613 	.byte 0x21
      0002F4                        614 00105$:
      0002F4 4F               [ 1]  615 	clr	a
      0002F5                        616 00107$:
                                    617 ;	lib/gpio.c: 129: }
      0002F5 85               [ 2]  618 	popw	x
      0002F6 5B 01            [ 2]  619 	addw	sp, #1
      0002F8 FC               [ 2]  620 	jp	(x)
                                    621 ;	lib/gpio.c: 131: void GPIO_Write(uint8_t port, uint8_t pin, uint8_t state)
                                    622 ;	-----------------------------------------
                                    623 ;	 function GPIO_Write
                                    624 ;	-----------------------------------------
      0002F9                        625 _GPIO_Write:
      0002F9 97               [ 1]  626 	ld	xl, a
                                    627 ;	lib/gpio.c: 133: if(state) {
      0002FA 0D 04            [ 1]  628 	tnz	(0x04, sp)
      0002FC 27 09            [ 1]  629 	jreq	00102$
                                    630 ;	lib/gpio.c: 134: GPIO_WriteHigh(port, pin);
      0002FE 7B 03            [ 1]  631 	ld	a, (0x03, sp)
      000300 88               [ 1]  632 	push	a
      000301 9F               [ 1]  633 	ld	a, xl
      000302 CDr01rF9         [ 4]  634 	call	_GPIO_WriteHigh
      000305 20 07            [ 2]  635 	jra	00104$
      000307                        636 00102$:
                                    637 ;	lib/gpio.c: 136: GPIO_WriteLow(port, pin);
      000307 7B 03            [ 1]  638 	ld	a, (0x03, sp)
      000309 88               [ 1]  639 	push	a
      00030A 9F               [ 1]  640 	ld	a, xl
      00030B CDr02r34         [ 4]  641 	call	_GPIO_WriteLow
      00030E                        642 00104$:
                                    643 ;	lib/gpio.c: 138: }
      00030E 1E 01            [ 2]  644 	ldw	x, (1, sp)
      000310 5B 04            [ 2]  645 	addw	sp, #4
      000312 FC               [ 2]  646 	jp	(x)
                                    647 	.area CODE
                                    648 	.area CONST
                                    649 	.area INITIALIZER
                                    650 	.area CABS (ABS)
