ASxxxx Linker V03.00/V05.40 + sdld,  page 1.
Hexadecimal  [32-Bits]

Area                                    Addr        Size        Decimal Bytes (Attributes)
--------------------------------        ----        ----        ------- ----- ------------
.  .ABS.                            00000000    00000000 =           0. bytes (ABS,CON)

      Value  Global                              Global Defined In Module
      -----  --------------------------------   ------------------------
     00000000  .__.ABS.                           printf_large
     00000000  l_CABS                          
     00000000  l_DABS                          
     00000000  l__CODE                         
     00000000  s_CABS                          
     00000000  s_DABS                          
     00000000  s__CODE                         
     00000001  l_SSEG                          
     00000001  s_DATA                          
     00000003  l_GSFINAL                       
     00000003  l_INITIALIZED                   
     00000003  l_INITIALIZER                   
     00000007  l_HOME                          
     00000023  l_GSINIT                        
     00000200  l_DATA                          
     00000201  s_INITIALIZED                   
     00000204  s_SSEG                          
     000002BC  l_CONST                         
     0000136D  l_CODE                          
     00008000  s_HOME                          
     00008007  s_GSINIT                        
     0000802A  s_GSFINAL                       
     0000802D  s_CONST                         
     000082E9  s_INITIALIZER                   
     000082EC  s_CODE                          

ASxxxx Linker V03.00/V05.40 + sdld,  page 2.
Hexadecimal  [32-Bits]

Area                                    Addr        Size        Decimal Bytes (Attributes)
--------------------------------        ----        ----        ------- ----- ------------
DATA                                00000001    00000200 =         512. bytes (REL,CON)

      Value  Global                              Global Defined In Module
      -----  --------------------------------   ------------------------
ASxxxx Linker V03.00/V05.40 + sdld,  page 3.
Hexadecimal  [32-Bits]

Area                                    Addr        Size        Decimal Bytes (Attributes)
--------------------------------        ----        ----        ------- ----- ------------
INITIALIZED                         00000201    00000003 =           3. bytes (REL,CON)

      Value  Global                              Global Defined In Module
      -----  --------------------------------   ------------------------
ASxxxx Linker V03.00/V05.40 + sdld,  page 4.
Hexadecimal  [32-Bits]

Area                                    Addr        Size        Decimal Bytes (Attributes)
--------------------------------        ----        ----        ------- ----- ------------
SSEG                                00000204    00000001 =           1. bytes (REL,CON)

      Value  Global                              Global Defined In Module
      -----  --------------------------------   ------------------------
ASxxxx Linker V03.00/V05.40 + sdld,  page 5.
Hexadecimal  [32-Bits]

Area                                    Addr        Size        Decimal Bytes (Attributes)
--------------------------------        ----        ----        ------- ----- ------------
HOME                                00008000    00000007 =           7. bytes (REL,CON)

      Value  Global                              Global Defined In Module
      -----  --------------------------------   ------------------------
ASxxxx Linker V03.00/V05.40 + sdld,  page 6.
Hexadecimal  [32-Bits]

Area                                    Addr        Size        Decimal Bytes (Attributes)
--------------------------------        ----        ----        ------- ----- ------------
GSINIT                              00008007    00000023 =          35. bytes (REL,CON)

      Value  Global                              Global Defined In Module
      -----  --------------------------------   ------------------------
ASxxxx Linker V03.00/V05.40 + sdld,  page 7.
Hexadecimal  [32-Bits]

Area                                    Addr        Size        Decimal Bytes (Attributes)
--------------------------------        ----        ----        ------- ----- ------------
GSFINAL                             0000802A    00000003 =           3. bytes (REL,CON)

      Value  Global                              Global Defined In Module
      -----  --------------------------------   ------------------------
ASxxxx Linker V03.00/V05.40 + sdld,  page 8.
Hexadecimal  [32-Bits]

Area                                    Addr        Size        Decimal Bytes (Attributes)
--------------------------------        ----        ----        ------- ----- ------------
CONST                               0000802D    000002BC =         700. bytes (REL,CON)

      Value  Global                              Global Defined In Module
      -----  --------------------------------   ------------------------
ASxxxx Linker V03.00/V05.40 + sdld,  page 9.
Hexadecimal  [32-Bits]

Area                                    Addr        Size        Decimal Bytes (Attributes)
--------------------------------        ----        ----        ------- ----- ------------
INITIALIZER                         000082E9    00000003 =           3. bytes (REL,CON)

      Value  Global                              Global Defined In Module
      -----  --------------------------------   ------------------------
ASxxxx Linker V03.00/V05.40 + sdld,  page 10.
Hexadecimal  [32-Bits]

Area                                    Addr        Size        Decimal Bytes (Attributes)
--------------------------------        ----        ----        ------- ----- ------------
CODE                                000082EC    0000136D =        4973. bytes (REL,CON)

      Value  Global                              Global Defined In Module
      -----  --------------------------------   ------------------------
     000082EC  _init_adc                          main
     0000830A  _analog_read_pc4                   main
     00008330  _analog_read_pd3                   main
     00008356  _main                              main
     00008474  _clock_init                        clock_conf
     0000848F  _delay                             delay
     000084B9  _delay_ms                          delay
     000084CE  _delay_us                          delay
     000084E3  _GPIO_Init                         gpio_s3
     000086DC  _GPIO_WriteHigh                    gpio_s3
     00008717  _GPIO_WriteLow                     gpio_s3
     0000875B  _GPIO_Toggle                       gpio_s3
     00008796  _GPIO_Read                         gpio_s3
     000087DC  _GPIO_Write                        gpio_s3
     000087F6  _i2c_init                          i2c
     00008896  _i2c_start                         i2c
     000088A0  _i2c_stop                          i2c
     000088AA  _i2c_write                         i2c
     000088B3  _i2c_send_addr                     i2c
     000088BC  _i2c_write_data                    i2c
     000088EE  _i2c_read_data                     i2c
     00008947  _i2c_reset                         i2c
     000089FE  _oled_init                         oled
     00008A72  _oled_deinit                       oled
     00008A77  _oled_clear                        oled
     00008A89  _oled_clear_page                   oled
     00008ADF  _oled_update                       oled
     00008AE2  _oled_set_pixel                    oled
     00008B3A  _oled_draw_line                    oled
     00008C00  _oled_draw_rect                    oled
     00008C54  _oled_fill_rect                    oled
     00008CAC  _oled_gotoxy                       oled
     00008CC3  _oled_putc                         oled
     00008D4F  _oled_puts                         oled
     00008D5D  _oled_puts_at                      oled
     00008D70  _oled_set_font                     oled
     00008D74  _oled_set_contrast                 oled
     00008D7E  _oled_invert                       oled
     00008D83  _oled_normal                       oled
     00008D88  _oled_scroll_left                  oled
     00008DC3  _oled_scroll_right                 oled
     00008DFE  _oled_scroll_stop                  oled
     00008E03  _oled_print_number                 oled
     00008E5C  _oled_print_hex                    oled
     00008E8F  _uart_init                         uart
     00008ED1  _uart_write                        uart
     00008F01  _uart_read                         uart
     00008F1C  _vsprintf                          sprintf
     00008F38  _sprintf                           sprintf
     00008F50  __divulong                         _divulong
ASxxxx Linker V03.00/V05.40 + sdld,  page 11.
Hexadecimal  [32-Bits]

Area                                    Addr        Size        Decimal Bytes (Attributes)
--------------------------------        ----        ----        ------- ----- ------------
CODE                                000082EC    0000136D =        4973. bytes (REL,CON)

      Value  Global                              Global Defined In Module
      -----  --------------------------------   ------------------------
     00008FAB  ___sdcc_external_startup           _startup
     00008FAD  _strlen                            strlen
     00008FBB  __mullong                          
     000090C7  __print_format                     printf_large
ASxxxx Linker V03.00/V05.40 + sdld,  page 12.

Files Linked                              [ module(s) ]

out/main.rel                              [ main ]
out/clock_conf.rel                        [ clock_conf ]
out/delay.rel                             [ delay ]
out/gpio_s3.rel                           [ gpio_s3 ]
out/i2c.rel                               [ i2c ]
out/oled.rel                              [ oled ]
out/uart.rel                              [ uart ]


Libraries Linked                          [ object file ]

C:\Program Files\SDCC\bin\..\lib\stm8/stm8.lib
                                          [ sprintf.rel ]
C:\Program Files\SDCC\bin\..\lib\stm8/stm8.lib
                                          [ _divulong.rel ]
C:\Program Files\SDCC\bin\..\lib\stm8/stm8.lib
                                          [ _startup.rel ]
C:\Program Files\SDCC\bin\..\lib\stm8/stm8.lib
                                          [ strlen.rel ]
C:\Program Files\SDCC\bin\..\lib\stm8/stm8.lib
                                          [ _mullong.rel ]
C:\Program Files\SDCC\bin\..\lib\stm8/stm8.lib
                                          [ printf_large.rel ]

ASxxxx Linker V03.00/V05.40 + sdld,  page 13.

User Base Address Definitions

HOME = 0x8000
DATA = 0x0001

