                                      1 ;--------------------------------------------------------
                                      2 ; File Created by SDCC : free open source ISO C Compiler
                                      3 ; Version 4.5.0 #15242 (MINGW64)
                                      4 ;--------------------------------------------------------
                                      5 	.module main
                                      6 	
                                      7 ;--------------------------------------------------------
                                      8 ; Public variables in this module
                                      9 ;--------------------------------------------------------
                                     10 	.globl _main
                                     11 	.globl _oled_set_font
                                     12 	.globl _oled_puts_at
                                     13 	.globl _oled_clear
                                     14 	.globl _oled_init
                                     15 	.globl _i2c_init
                                     16 	.globl _uart_write
                                     17 	.globl _uart_init
                                     18 	.globl _delay_ms
                                     19 	.globl _GPIO_Read
                                     20 	.globl _GPIO_WriteLow
                                     21 	.globl _GPIO_WriteHigh
                                     22 	.globl _GPIO_Init
                                     23 ;--------------------------------------------------------
                                     24 ; ram data
                                     25 ;--------------------------------------------------------
                                     26 	.area DATA
                                     27 ;--------------------------------------------------------
                                     28 ; ram data
                                     29 ;--------------------------------------------------------
                                     30 	.area INITIALIZED
                                     31 ;--------------------------------------------------------
                                     32 ; Stack segment in internal ram
                                     33 ;--------------------------------------------------------
                                     34 	.area SSEG
      000000                         35 __start__stack:
      000000                         36 	.ds	1
                                     37 
                                     38 ;--------------------------------------------------------
                                     39 ; absolute external ram data
                                     40 ;--------------------------------------------------------
                                     41 	.area DABS (ABS)
                                     42 
                                     43 ; default segment ordering for linker
                                     44 	.area HOME
                                     45 	.area GSINIT
                                     46 	.area GSFINAL
                                     47 	.area CONST
                                     48 	.area INITIALIZER
                                     49 	.area CODE
                                     50 
                                     51 ;--------------------------------------------------------
                                     52 ; interrupt vector
                                     53 ;--------------------------------------------------------
                                     54 	.area HOME
      000000                         55 __interrupt_vect:
      000000 82v00u00u00             56 	int s_GSINIT ; reset
                                     57 ;--------------------------------------------------------
                                     58 ; global & static initialisations
                                     59 ;--------------------------------------------------------
                                     60 	.area HOME
                                     61 	.area GSINIT
                                     62 	.area GSFINAL
                                     63 	.area GSINIT
      000000 CDr00r00         [ 4]   64 	call	___sdcc_external_startup
      000003 4D               [ 1]   65 	tnz	a
      000004 27 03            [ 1]   66 	jreq	__sdcc_init_data
      000006 CCr00r04         [ 2]   67 	jp	__sdcc_program_startup
      000009                         68 __sdcc_init_data:
                                     69 ; stm8_genXINIT() start
      000009 AEr00r00         [ 2]   70 	ldw x, #l_DATA
      00000C 27 07            [ 1]   71 	jreq	00002$
      00000E                         72 00001$:
      00000E 72 4FuFFuFF      [ 1]   73 	clr (s_DATA - 1, x)
      000012 5A               [ 2]   74 	decw x
      000013 26 F9            [ 1]   75 	jrne	00001$
      000015                         76 00002$:
      000015 AEr00r00         [ 2]   77 	ldw	x, #l_INITIALIZER
      000018 27 09            [ 1]   78 	jreq	00004$
      00001A                         79 00003$:
      00001A D6uFFuFF         [ 1]   80 	ld	a, (s_INITIALIZER - 1, x)
      00001D D7uFFuFF         [ 1]   81 	ld	(s_INITIALIZED - 1, x), a
      000020 5A               [ 2]   82 	decw	x
      000021 26 F7            [ 1]   83 	jrne	00003$
      000023                         84 00004$:
                                     85 ; stm8_genXINIT() end
                                     86 	.area GSFINAL
      000000 CCr00r04         [ 2]   87 	jp	__sdcc_program_startup
                                     88 ;--------------------------------------------------------
                                     89 ; Home
                                     90 ;--------------------------------------------------------
                                     91 	.area HOME
                                     92 	.area HOME
      000004                         93 __sdcc_program_startup:
      000004 CCr00r00         [ 2]   94 	jp	_main
                                     95 ;	return from main will return to caller
                                     96 ;--------------------------------------------------------
                                     97 ; code
                                     98 ;--------------------------------------------------------
                                     99 	.area CODE
                                    100 ;	src/main.c: 30: int main(void)
                                    101 ;	-----------------------------------------
                                    102 ;	 function main
                                    103 ;	-----------------------------------------
      000000                        104 _main:
                                    105 ;	src/main.c: 33: CLK_ECKR |= CLK_ECKR_HSEEN;
      000000 72 10 50 C1      [ 1]  106 	bset	0x50c1, #0
                                    107 ;	src/main.c: 34: while(!(CLK_ECKR & CLK_ECKR_HSERDY));
      000004                        108 00101$:
      000004 72 03 50 C1 FB   [ 2]  109 	btjf	0x50c1, #1, 00101$
                                    110 ;	src/main.c: 35: CLK_SWR = CLK_SWR_HSE;
      000009 35 B4 50 C4      [ 1]  111 	mov	0x50c4+0, #0xb4
                                    112 ;	src/main.c: 36: CLK_SWCR |= CLK_SWCR_SWEN;
      00000D 72 12 50 C5      [ 1]  113 	bset	0x50c5, #1
                                    114 ;	src/main.c: 37: while(CLK_SWCR & CLK_SWCR_SWBSY);
      000011                        115 00104$:
      000011 72 00 50 C5 FB   [ 2]  116 	btjt	0x50c5, #0, 00104$
                                    117 ;	src/main.c: 38: CLK_CKDIVR = 0x00;
      000016 35 00 50 C6      [ 1]  118 	mov	0x50c6+0, #0x00
                                    119 ;	src/main.c: 41: i2c_init(16000000, I2C_SPEED_STANDARD);
      00001A 4B A0            [ 1]  120 	push	#0xa0
      00001C 4B 86            [ 1]  121 	push	#0x86
      00001E 4B 01            [ 1]  122 	push	#0x01
      000020 4B 00            [ 1]  123 	push	#0x00
      000022 4B 00            [ 1]  124 	push	#0x00
      000024 4B 24            [ 1]  125 	push	#0x24
      000026 4B F4            [ 1]  126 	push	#0xf4
      000028 4B 00            [ 1]  127 	push	#0x00
      00002A CDr00r00         [ 4]  128 	call	_i2c_init
                                    129 ;	src/main.c: 44: uart_init(9600);
      00002D 4B 80            [ 1]  130 	push	#0x80
      00002F 4B 25            [ 1]  131 	push	#0x25
      000031 5F               [ 1]  132 	clrw	x
      000032 89               [ 2]  133 	pushw	x
      000033 CDr00r00         [ 4]  134 	call	_uart_init
                                    135 ;	src/main.c: 47: GPIO_Init(LED_PORT, LED_PIN, GPIO_MODE_OUTPUT_PUSH_PULL_LOW, GPIO_SPEED_SLOW);
      000036 4B 00            [ 1]  136 	push	#0x00
      000038 4B 02            [ 1]  137 	push	#0x02
      00003A 4B 10            [ 1]  138 	push	#0x10
      00003C A6 03            [ 1]  139 	ld	a, #0x03
      00003E CDr00r00         [ 4]  140 	call	_GPIO_Init
                                    141 ;	src/main.c: 48: GPIO_Init(RELAY_PORT, RELAY_PIN, GPIO_MODE_OUTPUT_PUSH_PULL_LOW, GPIO_SPEED_SLOW);
      000041 4B 00            [ 1]  142 	push	#0x00
      000043 4B 02            [ 1]  143 	push	#0x02
      000045 4B 08            [ 1]  144 	push	#0x08
      000047 A6 02            [ 1]  145 	ld	a, #0x02
      000049 CDr00r00         [ 4]  146 	call	_GPIO_Init
                                    147 ;	src/main.c: 49: GPIO_Init(TR_PORT, TR_PIN, GPIO_MODE_OUTPUT_PUSH_PULL_LOW, GPIO_SPEED_SLOW);
      00004C 4B 00            [ 1]  148 	push	#0x00
      00004E 4B 02            [ 1]  149 	push	#0x02
      000050 4B 08            [ 1]  150 	push	#0x08
      000052 4F               [ 1]  151 	clr	a
      000053 CDr00r00         [ 4]  152 	call	_GPIO_Init
                                    153 ;	src/main.c: 50: GPIO_Init(INPUT1_PORT, INPUT1_PIN, GPIO_MODE_INPUT_PULL_UP, GPIO_SPEED_SLOW);
      000056 4B 00            [ 1]  154 	push	#0x00
      000058 4B 01            [ 1]  155 	push	#0x01
      00005A 4B 20            [ 1]  156 	push	#0x20
      00005C A6 02            [ 1]  157 	ld	a, #0x02
      00005E CDr00r00         [ 4]  158 	call	_GPIO_Init
                                    159 ;	src/main.c: 51: GPIO_Init(INPUT2_PORT, INPUT2_PIN, GPIO_MODE_INPUT_PULL_UP, GPIO_SPEED_SLOW);
      000061 4B 00            [ 1]  160 	push	#0x00
      000063 4B 01            [ 1]  161 	push	#0x01
      000065 4B 40            [ 1]  162 	push	#0x40
      000067 A6 02            [ 1]  163 	ld	a, #0x02
      000069 CDr00r00         [ 4]  164 	call	_GPIO_Init
                                    165 ;	src/main.c: 54: delay_ms(200);
      00006C AE 00 C8         [ 2]  166 	ldw	x, #0x00c8
      00006F CDr00r00         [ 4]  167 	call	_delay_ms
                                    168 ;	src/main.c: 55: oled_init();
      000072 CDr00r00         [ 4]  169 	call	_oled_init
                                    170 ;	src/main.c: 56: oled_clear();
      000075 CDr00r00         [ 4]  171 	call	_oled_clear
                                    172 ;	src/main.c: 59: oled_set_font(FONT_5X7); 
      000078 4F               [ 1]  173 	clr	a
      000079 CDr00r00         [ 4]  174 	call	_oled_set_font
                                    175 ;	src/main.c: 60: oled_puts_at(0, 0, "System Ready!");
      00007C 4Br00            [ 1]  176 	push	#<(___str_0+0)
      00007E 4Bs00            [ 1]  177 	push	#((___str_0+0) >> 8)
      000080 4B 00            [ 1]  178 	push	#0x00
      000082 4F               [ 1]  179 	clr	a
      000083 CDr00r00         [ 4]  180 	call	_oled_puts_at
                                    181 ;	src/main.c: 61: oled_puts_at(0, 8, "STM8S003F3");
      000086 4Br0E            [ 1]  182 	push	#<(___str_1+0)
      000088 4Bs00            [ 1]  183 	push	#((___str_1+0) >> 8)
      00008A 4B 08            [ 1]  184 	push	#0x08
      00008C 4F               [ 1]  185 	clr	a
      00008D CDr00r00         [ 4]  186 	call	_oled_puts_at
                                    187 ;	src/main.c: 62: oled_puts_at(0, 16, "OLED Display");
      000090 4Br19            [ 1]  188 	push	#<(___str_2+0)
      000092 4Bs00            [ 1]  189 	push	#((___str_2+0) >> 8)
      000094 4B 10            [ 1]  190 	push	#0x10
      000096 4F               [ 1]  191 	clr	a
      000097 CDr00r00         [ 4]  192 	call	_oled_puts_at
                                    193 ;	src/main.c: 63: oled_puts_at(0, 24, "I2C Interface");
      00009A 4Br26            [ 1]  194 	push	#<(___str_3+0)
      00009C 4Bs00            [ 1]  195 	push	#((___str_3+0) >> 8)
      00009E 4B 18            [ 1]  196 	push	#0x18
      0000A0 4F               [ 1]  197 	clr	a
      0000A1 CDr00r00         [ 4]  198 	call	_oled_puts_at
                                    199 ;	src/main.c: 66: uart_write("System Ready!\r\n");
      0000A4 AEr00r34         [ 2]  200 	ldw	x, #(___str_4+0)
      0000A7 CDr00r00         [ 4]  201 	call	_uart_write
                                    202 ;	src/main.c: 68: while(1) 
      0000AA                        203 00115$:
                                    204 ;	src/main.c: 71: if((UART1_SR & UART_SR_RXNE)) {
      0000AA 72 0B 52 30 21   [ 2]  205 	btjf	0x5230, #5, 00110$
                                    206 ;	src/main.c: 72: char received = UART1_DR;
      0000AF C6 52 31         [ 1]  207 	ld	a, 0x5231
                                    208 ;	src/main.c: 74: if(received == '1') {
      0000B2 A1 31            [ 1]  209 	cp	a, #0x31
      0000B4 26 1A            [ 1]  210 	jrne	00110$
                                    211 ;	src/main.c: 75: uart_write("Received: 1\r\n");
      0000B6 AEr00r44         [ 2]  212 	ldw	x, #(___str_5+0)
      0000B9 CDr00r00         [ 4]  213 	call	_uart_write
                                    214 ;	src/main.c: 78: GPIO_WriteLow(LED_PORT, LED_PIN);
      0000BC 4B 10            [ 1]  215 	push	#0x10
      0000BE A6 03            [ 1]  216 	ld	a, #0x03
      0000C0 CDr00r00         [ 4]  217 	call	_GPIO_WriteLow
                                    218 ;	src/main.c: 79: delay_ms(300);
      0000C3 AE 01 2C         [ 2]  219 	ldw	x, #0x012c
      0000C6 CDr00r00         [ 4]  220 	call	_delay_ms
                                    221 ;	src/main.c: 80: GPIO_WriteHigh(LED_PORT, LED_PIN);
      0000C9 4B 10            [ 1]  222 	push	#0x10
      0000CB A6 03            [ 1]  223 	ld	a, #0x03
      0000CD CDr00r00         [ 4]  224 	call	_GPIO_WriteHigh
      0000D0                        225 00110$:
                                    226 ;	src/main.c: 85: if(GPIO_Read(INPUT1_PORT, INPUT1_PIN) == 1) {
      0000D0 4B 20            [ 1]  227 	push	#0x20
      0000D2 A6 02            [ 1]  228 	ld	a, #0x02
      0000D4 CDr00r00         [ 4]  229 	call	_GPIO_Read
      0000D7 4A               [ 1]  230 	dec	a
      0000D8 26 09            [ 1]  231 	jrne	00112$
                                    232 ;	src/main.c: 86: GPIO_WriteLow(LED_PORT, LED_PIN);
      0000DA 4B 10            [ 1]  233 	push	#0x10
      0000DC A6 03            [ 1]  234 	ld	a, #0x03
      0000DE CDr00r00         [ 4]  235 	call	_GPIO_WriteLow
      0000E1 20 07            [ 2]  236 	jra	00113$
      0000E3                        237 00112$:
                                    238 ;	src/main.c: 88: GPIO_WriteHigh(LED_PORT, LED_PIN);
      0000E3 4B 10            [ 1]  239 	push	#0x10
      0000E5 A6 03            [ 1]  240 	ld	a, #0x03
      0000E7 CDr00r00         [ 4]  241 	call	_GPIO_WriteHigh
      0000EA                        242 00113$:
                                    243 ;	src/main.c: 91: delay_ms(100);
      0000EA AE 00 64         [ 2]  244 	ldw	x, #0x0064
      0000ED CDr00r00         [ 4]  245 	call	_delay_ms
      0000F0 20 B8            [ 2]  246 	jra	00115$
                                    247 ;	src/main.c: 93: }
      0000F2 81               [ 4]  248 	ret
                                    249 	.area CODE
                                    250 	.area CONST
                                    251 	.area CONST
      000000                        252 ___str_0:
      000000 53 79 73 74 65 6D 20   253 	.ascii "System Ready!"
             52 65 61 64 79 21
      00000D 00                     254 	.db 0x00
                                    255 	.area CODE
                                    256 	.area CONST
      00000E                        257 ___str_1:
      00000E 53 54 4D 38 53 30 30   258 	.ascii "STM8S003F3"
             33 46 33
      000018 00                     259 	.db 0x00
                                    260 	.area CODE
                                    261 	.area CONST
      000019                        262 ___str_2:
      000019 4F 4C 45 44 20 44 69   263 	.ascii "OLED Display"
             73 70 6C 61 79
      000025 00                     264 	.db 0x00
                                    265 	.area CODE
                                    266 	.area CONST
      000026                        267 ___str_3:
      000026 49 32 43 20 49 6E 74   268 	.ascii "I2C Interface"
             65 72 66 61 63 65
      000033 00                     269 	.db 0x00
                                    270 	.area CODE
                                    271 	.area CONST
      000034                        272 ___str_4:
      000034 53 79 73 74 65 6D 20   273 	.ascii "System Ready!"
             52 65 61 64 79 21
      000041 0D                     274 	.db 0x0d
      000042 0A                     275 	.db 0x0a
      000043 00                     276 	.db 0x00
                                    277 	.area CODE
                                    278 	.area CONST
      000044                        279 ___str_5:
      000044 52 65 63 65 69 76 65   280 	.ascii "Received: 1"
             64 3A 20 31
      00004F 0D                     281 	.db 0x0d
      000050 0A                     282 	.db 0x0a
      000051 00                     283 	.db 0x00
                                    284 	.area CODE
                                    285 	.area INITIALIZER
                                    286 	.area CABS (ABS)
